d8799fd8799f0b5820e8118a6a0f2ea8447b2418b0301fa53fa97f95a042fc92edbd7eda9f809d9040d8799fd8799f584065343163396235373834316535383263323037626236386435653937333666623438633761663566316563323961646530303639326661356530653437656661ff04ff0203581c4f2d6145e1700ad11dc074cad9f4194cc53b0dbab6bd25dfea6c501aff582102dbfc8b66c22f931a6647fd86db2fc073dd564b99837226a1bdfe7a99578854ecd8799fd8799f584065343163396235373834316535383263323037626236386435653937333666623438633761663566316563323961646530303639326661356530653437656661ff04ffff