Constr 0 [Constr 0 [I 11,Constr 0 [Constr 0 [B "\228\FS\155W\132\RSX, {\182\141^\151\&6\251H\199\175_\RS\194\154\222\NULi/\165\224\228~\250"],I 4],I 2,I 3,B "O-aE\225p\n\209\GS\192t\202\217\244\EML\197;\r\186\182\189%\223\234lP\SUB"],B "\STX\219\252\139f\194/\147\SUBfG\253\134\219/\192s\221VK\153\131r&\161\189\254z\153W\136T\236",Constr 0 [Constr 0 [B "\228\FS\155W\132\RSX, {\182\141^\151\&6\251H\199\175_\RS\194\154\222\NULi/\165\224\228~\250"],I 4]]