d8799f5820e734ea6c2b6257de72355e472aa05a4c487e6b463c029ed306df2f01b5636b585f584030323831313538363232623764326562373338623838356531636361353032313866623336616234646333393031346238333238366238656439356337383738423964ff5f584033336139363831373535656364616536663537326263656361616362353364326663366164643439316161356463363531383031393565373362383762386162584063643066303532306565383038623331666536323536333164356338366564613331623564666536626636626231386630333931666163643933396636643030ff5f584062333737646439376432306161663738346366383864626262316666633036363333313163623630343531623536343663353731393230363031343362396636584036373466353261626133623765303963633737656464616665643066363463613034306463646161306334333365636234623037613131623462353431303030ffd8799fd8799f584065343163396235373834316535383263323037626236386435653937333666623438633761663566316563323961646530303639326661356530653437656661ff04ff581c0f45aaf1b2959db6e5ff94dbb1f823bf257680c3c723ac2d49f97546ff