Constr 0 [Constr 0 [B "\231\&4\234l+bW\222r5^G*\160ZLH~kF<\STX\158\211\ACK\223/\SOH\181ckX",B "3\169h\ETBU\236\218\230\245r\188\236\170\203S\210\252j\221I\SUB\165\220e\CAN\SOH\149\231;\135\184\171\205\SI\ENQ \238\128\139\&1\254bV1\213\200n\218\&1\181\223\230\191k\177\143\ETX\145\250\205\147\159m\NUL"],B "\STX\129\NAK\134\"\183\210\235s\139\136^\FS\202P!\143\179j\180\220\&9\SOHK\131(k\142\217\\xx\157",B "\179w\221\151\210\n\175xL\248\141\187\177\255\192f3\DC1\203`E\ESCVF\197q\146\ACK\SOHC\185\246gOR\171\163\183\224\156\199~\221\175\237\SId\202\EOT\r\205\170\fC>\203K\a\161\ESCKT\DLE\NUL",Constr 0 [Constr 0 [B "\228\FS\155W\132\RSX, {\182\141^\151\&6\251H\199\175_\RS\194\154\222\NULi/\165\224\228~\250"],I 4],B "\SIE\170\241\178\149\157\182\229\255\148\219\177\248#\191%v\128\195\199#\172-I\249uF",B "\STX\129\NAK\134\"\183\210\235s\139\136^\FS\202P!\143\179j\180\220\&9\SOHK\131(k\142\217\\xx\157",B "\STX\129\NAK\134\"\183\210\235s\139\136^\FS\202P!\143\179j\180\220\&9\SOHK\131(k\142\217\\xx\157"]