9fd8799f0bd8799fd8799f5820e41c9b57841e582c207bb68d5e9736fb48c7af5f1ec29ade00692fa5e0e47efaff04ff0203581c4f2d6145e1700ad11dc074cad9f4194cc53b0dbab6bd25dfea6c501affd8799f581cc446faf0e8117442c1ebbc9a3a5692e29ce1135df45c5d75eb63d67240ffff