d8799f584035353630343537373038656434646266646433626531306133666565363665323266666566333134336538613639666361363465303661346163386237363165193dafff