d8799fd8799f0b5820e8118a6a0f2ea8447b2418b0301fa53fa97f95a042fc92edbd7eda9f809d9040d8799fd8799f5820e41c9b57841e582c207bb68d5e9736fb48c7af5f1ec29ade00692fa5e0e47efaff04ff0203ff58205560457708ed4dbfdd3be10a3fee66e22ffef3143e8a69fca64e06a4ac8b761e1a000d2d3c193dafff