d8799fd8799f1a0073f6eb1b7b55a8117a4e262f5820ecff7f9199faff168fb0015f01801b5e017f7fb2f3bdfc7fb58436d515000180d8799f5820803399802c80ff3b7f82ff6f00d9887a51ff47ff7912ff15f10a84ff01ff7f01ffff9fd8799f005820595a007f79ffff017f802effeb013f804935ff008054807f9a48e27f8c80004bffd8799f0158208073190a01517350690100944edbffffff01e54e130069ffeee4337f807fa0ffffd8799f00582000ffab800eff01ffc4ff8080ff77017b3d010100e60097010100ffd6ff3a0162ffd8799f005820803d0ba3ff8080ff5cdf22dd00e38080807748fffd0078a59b80002964ff11c2ffd8799f0158207b808fec00b2f580e101acb77f220180808035787380807f024d01d4b92ff301ffd8799f015820a680e03c0001ea3e0016a9ac7f6c5be0017f66802b800180000001ff88e00079ffd8799f005820a9920088807fa280997f26f1800180ff2f5ffe700032ff017f7f807280a0aa00ffffff