Constr 0 [Constr 0 [I 7599851,I 8887194232705394223,B "\236\255\DEL\145\153\250\255\SYN\143\176\SOH_\SOH\128\ESC^\SOH\DEL\DEL\178\243\189\252\DEL\181\132\&6\213\NAK\NUL\SOH\128",Constr 0 [B "\128\&3\153\128,\128\255;\DEL\130\255o\NUL\217\136zQ\255G\255y\DC2\255\NAK\241\n\132\255\SOH\255\DEL\SOH"]],List [Constr 0 [I 0,B "YZ\NUL\DELy\255\255\SOH\DEL\128.\255\235\SOH?\128I5\255\NUL\128T\128\DEL\154H\226\DEL\140\128\NULK"],Constr 0 [I 1,B "\128s\EM\n\SOHQsPi\SOH\NUL\148N\219\255\255\255\SOH\229N\DC3\NULi\255\238\228\&3\DEL\128\DEL\160\255"],Constr 0 [I 0,B "\NUL\255\171\128\SO\255\SOH\255\196\255\128\128\255w\SOH{=\SOH\SOH\NUL\230\NUL\151\SOH\SOH\NUL\255\214\255:\SOHb"],Constr 0 [I 0,B "\128=\v\163\255\128\128\255\\\223\"\221\NUL\227\128\128\128wH\255\253\NULx\165\155\128\NUL)d\255\DC1\194"],Constr 0 [I 1,B "{\128\143\236\NUL\178\245\128\225\SOH\172\183\DEL\"\SOH\128\128\128\&5xs\128\128\DEL\STXM\SOH\212\185/\243\SOH"],Constr 0 [I 1,B "\166\128\224<\NUL\SOH\234>\NUL\SYN\169\172\DELl[\224\SOH\DELf\128+\128\SOH\128\NUL\NUL\SOH\255\136\224\NULy"],Constr 0 [I 0,B "\169\146\NUL\136\128\DEL\162\128\153\DEL&\241\128\SOH\128\255/_\254p\NUL2\255\SOH\DEL\DEL\128r\128\160\170\NUL"]]]