581c726551f3f61ebd8f53198f7c137c646ae0bd57fb180c59759919174d