List [B "\186\ENQt6\t\SUBY\SUB\144\&2\155\216n\SO\SYN\ETB\172\ENQ\207\240\&9\251YKWz@\132",B "reQ\243\246\RS\189\143S\EM\143|\DC3|dj\224\189W\251\CAN\fYu\153\EM\ETBM"]