9f581cba057436091a591a90329bd86e0e1617ac05cff039fb594b577a4084581c726551f3f61ebd8f53198f7c137c646ae0bd57fb180c59759919174dff