Constr 1 [Constr 0 [I 5,I 100,B "0xaabbcc",Constr 0 [B "aabbcc"]],List [Constr 0 [I 0,B "\186\187\199\CAN%\161\188\194|\r\199\235\177\&8\SOHO\132\198\NAKvF\194TK5\DEL\240\132\178\208\146\SYN"],Constr 0 [I 1,B "\222\172!\207>u\132\236\245\138\204oi\139\191\SI\181Q\253\188\187NDa\rP\"\220\237\248\244\r"]]]