Constr 0 [B "dbc05b1ecb4fdaef943819c0b04e9ef6df4babd6"]