d8799f582864626330356231656362346664616566393433383139633062303465396566366466346261626436ff