Constr 0 [B "\196F\250\240\232\DC1tB\193\235\188\154:V\146\226\156\225\DC3]\244\\]u\235c\214r",Constr 0 [I 11,B "e8118a6a0f2ea8447b2418b0301fa53fa97f95a042fc92edbd7eda9f809d9040",Constr 0 [Constr 0 [B "e41c9b57841e582c207bb68d5e9736fb48c7af5f1ec29ade00692fa5e0e47efa"],I 4],I 2,I 3],B "\186\DC4\ETB2W\238\199\129\202\DC2r,\208\183bt\202\162\165\&0\f\163^\128\160\164\242\217"]