List [B "\196F\250\240\232\DC1tB\193\235\188\154:V\146\226\156\225\DC3]\244\\]u\235c\214r",Constr 0 [I 11,B "\232\DC1\138j\SI.\168D{$\CAN\176\&0\US\165?\169\DEL\149\160B\252\146\237\189~\218\159\128\157\144@",Constr 0 [Constr 0 [B "\228\FS\155W\132\RSX, {\182\141^\151\&6\251H\199\175_\RS\194\154\222\NULi/\165\224\228~\250"],I 4],I 2,I 3],B "\186\DC4\ETB2W\238\199\129\202\DC2r,\208\183bt\202\162\165\&0\f\163^\128\160\164\242\217"]