d87a9f0f58383466326436313435653137303061643131646330373463616439663431393463633533623064626162366264323564666561366335303161ff