Constr 1 [I 15,B "4f2d6145e1700ad11dc074cad9f4194cc53b0dbab6bd25dfea6c501a"]