Constr 0 [Constr 0 [B "\228\FS\155W\132\RSX, {\182\141^\151\&6\251H\199\175_\RS\194\154\222\NULi/\165\224\228~\250"],I 4]