List [B "reQ\243\246\RS\189\143S\EM\143|\DC3|dj\224\189W\251\CAN\fYu\153\EM\ETBM",B "foo bar"]