Constr 0 [I (-8858258933817599851),I 8887194232705394223,B "ecff7f9199faff168fb0015f01801b5e017f7fb2f3bdfc7fb58436d515000180",Constr 0 [B "803399802c80ff3b7f82ff6f00d9887a51ff47ff7912ff15f10a84ff01ff7f01"]]