d8799f1a0073f6eb1b7b55a8117a4e262f5820ecff7f9199faff168fb0015f01801b5e017f7fb2f3bdfc7fb58436d515000180d87a80ff