d8799fd8799f0bd8799fd8799f5820e41c9b57841e582c207bb68d5e9736fb48c7af5f1ec29ade00692fa5e0e47efaff04ff0203581c4f2d6145e1700ad11dc074cad9f4194cc53b0dbab6bd25dfea6c501aff5820803399802c80ff3b7f82ff6f00d9887a51ff47ff7912ff15f10a84ff01ff7f01d8799f5820803399802c80ff3b7f82ff6f00d9887a51ff47ff7912ff15f10a84ff01ff7f01ffff