d8799f3b7aeedb9136a0e76a1b7b55a8117a4e262f584065636666376639313939666166663136386662303031356630313830316235653031376637666232663362646663376662353834333664353135303030313830d8799f584038303333393938303263383066663362376638326666366630306439383837613531666634376666373931326666313566313061383466663031666637663031ffff