d8799f1a0073f6eb1b7b55a8117a4e262f5820ecff7f9199faff168fb0015f01801b5e017f7fb2f3bdfc7fb58436d515000180d8799f5820803399802c80ff3b7f82ff6f00d9887a51ff47ff7912ff15f10a84ff01ff7f01ffff