d8799f5820595a007f79ffff017f802effeb013f804935ff008054807f9a48e27f8c80004bd87a9f58208073190a01517350690100944edbffffff01e54e130069ffeee4337f807fa0ffffd87a9f582000ffab800eff01ffc4ff8080ff77017b3d010100e60097010100ffd6ff3a0162ffff