Constr 0 [Constr 0 [I 11,B "e8118a6a0f2ea8447b2418b0301fa53fa97f95a042fc92edbd7eda9f809d9040",Constr 0 [Constr 0 [B "e41c9b57841e582c207bb68d5e9736fb48c7af5f1ec29ade00692fa5e0e47efa"],I 4],I 2,I 3],B "803399802c80ff3b7f82ff6f00d9887a51ff47ff7912ff15f10a84ff01ff7f01",Constr 1 []]