List [List [B "\SIE\170\241\178\149\157\182\229\255\148\219\177\248#\191%v\128\195\199#\172-I\249uF",B "reQ\243\246\RS\189\143S\EM\143|\DC3|dj\224\189W\251\CAN\fYu\153\EM\ETBM",B "O-aE\225p\n\209\GS\192t\202\217\244\EML\197;\r\186\182\189%\223\234lP\SUB"],I 2]