List [B "0281158622b7d2eb738b885e1cca50218fb36ab4dc39014b83286b8ed95c78789d",B "4f2d6145e1700ad11dc074cad9f4194cc53b0dbab6bd25dfea6c501a"]