9f9f58210281158622b7d2eb738b885e1cca50218fb36ab4dc39014b83286b8ed95c78789d581c4f2d6145e1700ad11dc074cad9f4194cc53b0dbab6bd25dfea6c501a581c4f2d6145e1700ad11dc074cad9f4194cc53b0dbab6bd25dfea6c501aff9f58210281158622b7d2eb738b885e1cca50218fb36ab4dc39014b83286b8ed95c78789d581c4f2d6145e1700ad11dc074cad9f4194cc53b0dbab6bd25dfea6c501a581c4f2d6145e1700ad11dc074cad9f4194cc53b0dbab6bd25dfea6c501affff