List [List [B "\STX\129\NAK\134\"\183\210\235s\139\136^\FS\202P!\143\179j\180\220\&9\SOHK\131(k\142\217\\xx\157",B "O-aE\225p\n\209\GS\192t\202\217\244\EML\197;\r\186\182\189%\223\234lP\SUB",B "O-aE\225p\n\209\GS\192t\202\217\244\EML\197;\r\186\182\189%\223\234lP\SUB"],List [B "\STX\129\NAK\134\"\183\210\235s\139\136^\FS\202P!\143\179j\180\220\&9\SOHK\131(k\142\217\\xx\157",B "O-aE\225p\n\209\GS\192t\202\217\244\EML\197;\r\186\182\189%\223\234lP\SUB",B "O-aE\225p\n\209\GS\192t\202\217\244\EML\197;\r\186\182\189%\223\234lP\SUB"]]