9f9f1a49952d5dd8799f58210281158622b7d2eb738b885e1cca50218fb36ab4dc39014b83286b8ed95c78789d4461736466ffff9f581c726551f3f61ebd8f53198f7c137c646ae0bd57fb180c59759919174d00ff0fff