List [List [I 1234513245,Constr 0 [B "\STX\129\NAK\134\"\183\210\235s\139\136^\FS\202P!\143\179j\180\220\&9\SOHK\131(k\142\217\\xx\157",B "asdf"]],List [B "reQ\243\246\RS\189\143S\EM\143|\DC3|dj\224\189W\251\CAN\fYu\153\EM\ETBM",I 0],I 15]