Constr 0 [Constr 0 [Constr 0 [B "\228\FS\155W\132\RSX, {\182\141^\151\&6\251H\199\175_\RS\194\154\222\NULi/\165\224\228~\250"],I 4],B "O-aE\225p\n\209\GS\192t\202\217\244\EML\197;\r\186\182\189%\223\234lP\SUB"]