d8799f0b5820e8118a6a0f2ea8447b2418b0301fa53fa97f95a042fc92edbd7eda9f809d9040d8799fd8799f5820e41c9b57841e582c207bb68d5e9736fb48c7af5f1ec29ade00692fa5e0e47efaff04ff0203ff