Constr 0 [Constr 0 [I 11,B "e8118a6a0f2ea8447b2418b0301fa53fa97f95a042fc92edbd7eda9f809d9040",Constr 0 [Constr 0 [B "e41c9b57841e582c207bb68d5e9736fb48c7af5f1ec29ade00692fa5e0e47efa"],I 4],I 2,I 3],B "reQ\243\246\RS\189\143S\EM\143|\DC3|dj\224\189W\251\CAN\fYu\153\EM\ETBM",B "6\137\216\EOT\179\228\&7\137\251\EOTB1K\164j\161\204\185\179\170\ETX\252Ps\255\166Hm"]