List [Constr 0 [I 11,B "\232\DC1\138j\SI.\168D{$\CAN\176\&0\US\165?\169\DEL\149\160B\252\146\237\189~\218\159\128\157\144@",Constr 0 [Constr 0 [B "\228\FS\155W\132\RSX, {\182\141^\151\&6\251H\199\175_\RS\194\154\222\NULi/\165\224\228~\250"],I 4],I 2,I 3],B "reQ\243\246\RS\189\143S\EM\143|\DC3|dj\224\189W\251\CAN\fYu\153\EM\ETBM",B "6\137\216\EOT\179\228\&7\137\251\EOTB1K\164j\161\204\185\179\170\ETX\252Ps\255\166Hm"]