d8799fd8799f0b584065383131386136613066326561383434376232343138623033303166613533666139376639356130343266633932656462643765646139663830396439303430d8799fd8799f584065343163396235373834316535383263323037626236386435653937333666623438633761663566316563323961646530303639326661356530653437656661ff04ff0203ff581c726551f3f61ebd8f53198f7c137c646ae0bd57fb180c59759919174d581c3689d804b3e43789fb0442314ba46aa1ccb9b3aa03fc5073ffa6486dff