Constr 0 [B "aabbcc",Constr 0 [B "bbccdd"],List [B "a01122",B "b01122"],List [B "a11122",B "b11122"]]