9fd8799f0b5820e8118a6a0f2ea8447b2418b0301fa53fa97f95a042fc92edbd7eda9f809d9040d8799fd8799f584065343163396235373834316535383263323037626236386435653937333666623438633761663566316563323961646530303639326661356530653437656661ff04ff0203581c4f2d6145e1700ad11dc074cad9f4194cc53b0dbab6bd25dfea6c501aff581c726551f3f61ebd8f53198f7c137c646ae0bd57fb180c59759919174d581cba14173257eec781ca12722cd0b76274caa2a5300ca35e80a0a4f2d9581cc446faf0e8117442c1ebbc9a3a5692e29ce1135df45c5d75eb63d672ff