Constr 0 [List [B "aabbcc",B "bbccdd"],List [B "ccddee",B "eeff00"],List [B "001122",B "112233"],Constr 0 [B "bbccdd"]]