List [B "\GSX\157q\137\196\253\213\250\223Z\183g\US\160\237\141\r\SI\157$A\204J\193\FS\194\143J\199\207<",I 12]