List [Constr 0 [I 11,B "\232\DC1\138j\SI.\168D{$\CAN\176\&0\US\165?\169\DEL\149\160B\252\146\237\189~\218\159\128\157\144@",Constr 0 [Constr 0 [B "\228\FS\155W\132\RSX, {\182\141^\151\&6\251H\199\175_\RS\194\154\222\NULi/\165\224\228~\250"],I 4],I 2,I 3],B "\198\170W\133q\SOa\235\128b\216$\252+m\SOHJ\ETX9f\214\158t\169\213\v\DLE\v\171\224\224\189",Constr 0 [B "\128\&3\153\128,\128\255;\DEL\130\255o\NUL\217\136zQ\255G\255y\DC2\255\NAK\241\n\132\255\SOH\255\DEL\SOH"],I 12,Constr 0 [Constr 1 [B "\196F\250\240\232\DC1tB\193\235\188\154:V\146\226\156\225\DC3]\244\\]u\235c\214r"],Constr 1 []]]