d8799f5840353639663861613737303738346364313064306665363537666433383963373662323064336461666364326661623433613134656262326664393965393465320cff