9f58201d589d7189c4fdd5fadf5ab7671fa0ed8d0d0f9d2441cc4ac11cc28f4ac7cf3c0cff