Constr 0 [B "\128\&3\153\128,\128\255;\DEL\130\255o\NUL\217\136zQ\255G\255y\DC2\255\NAK\241\n\132\255\SOH\255\DEL\SOH"]